<?xml version="1.0" encoding="utf-8"?><testsuites><testsuite errors="0" failures="0" hostname="LAPTOP-QNOKRTD7" name="pytest" skipped="0" tests="2" time="0.034" timestamp="2019-11-06T22:05:08.547121"><testcase classname="tests.examples.test_examples_01" file="tests\examples\test_examples_01.py" line="2" name="test_car_info" time="0.002"></testcase><testcase classname="tests.examples.test_examples_01" file="tests\examples\test_examples_01.py" line="6" name="test_car_year" time="0.002"></testcase></testsuite></testsuites>